C51 COMPILER V9.59.0.0   LM75A                                                             07/26/2020 21:17:50 PAGE 1   


C51 COMPILER V9.59.0.0, COMPILATION OF MODULE LM75A
OBJECT MODULE PLACED IN .\Objects\lm75a.obj
COMPILER INVOKED BY: C:\Keil_v5\C51\BIN\C51.EXE lm75a.c OPTIMIZE(8,SPEED) BROWSE DEBUG OBJECTEXTEND PRINT(.\Listings\lm7
                    -5a.lst) TABS(2) OBJECT(.\Objects\lm75a.obj)

line level    source

   1          #include "H Group/lm75a.h"
   2          #include "H Group/config.h"
   3          #include "base Group/i2c.h"
   4          
   5          int lm75_get(void){
   6   1        unsigned char buf[2];
   7   1        int t;
   8   1        i2c_gets(0x90,0x00,2,buf);
   9   1        if(!(buf[0]&0x80))
  10   1          {
  11   2          t=buf[0];
  12   2          t=t<<8;
  13   2          t=((t|buf[1])>>5);
  14   2          }
  15   1           else
  16   1          {
  17   2          t=buf[0];
  18   2          t=t<<8;
  19   2          t=((t|buf[1])>>5);
  20   2          t=(0x800-t);
  21   2          }
  22   1        gled = 0;
  23   1        return t;
  24   1      }
  25          #endif


MODULE INFORMATION:   STATIC OVERLAYABLE
   CODE SIZE        =    107    ----
   CONSTANT SIZE    =   ----    ----
   XDATA SIZE       =   ----    ----
   PDATA SIZE       =   ----    ----
   DATA SIZE        =   ----       4
   IDATA SIZE       =   ----    ----
   BIT SIZE         =   ----    ----
END OF MODULE INFORMATION.


C51 COMPILATION COMPLETE.  0 WARNING(S),  0 ERROR(S)
